// Jest Snapshot v1, https://goo.gl/fbAQLP

exports[`Nav matches the snapshot 1`] = `undefined`;
