// Jest Snapshot v1, https://goo.gl/fbAQLP

exports[`FavoriteButton matches the snapshot 1`] = `
ShallowWrapper {
  Symbol(enzyme.__root__): [Circular],
  Symbol(enzyme.__unrendered__): <FavoriteButton
    favoritesCount={
      Array [
        Array [],
      ]
    }
  />,
  Symbol(enzyme.__renderer__): Object {
    "batchedUpdates": [Function],
    "getNode": [Function],
    "render": [Function],
    "simulateError": [Function],
    "simulateEvent": [Function],
    "unmount": [Function],
  },
  Symbol(enzyme.__node__): Object {
    "instance": null,
    "key": undefined,
    "nodeType": "host",
    "props": Object {
      "children": <button
        className="cat-button favorites-button"
      >
        Favorites
        <span
          className="favorites-count"
        />
      </button>,
      "className": "FavoriteButton",
    },
    "ref": null,
    "rendered": Object {
      "instance": null,
      "key": undefined,
      "nodeType": "host",
      "props": Object {
        "children": Array [
          "Favorites",
          <span
            className="favorites-count"
          />,
        ],
        "className": "cat-button favorites-button",
      },
      "ref": null,
      "rendered": Array [
        "Favorites",
        Object {
          "instance": null,
          "key": undefined,
          "nodeType": "host",
          "props": Object {
            "children": Array [
              Array [],
            ],
            "className": "favorites-count",
          },
          "ref": null,
          "rendered": Array [],
          "type": "span",
        },
      ],
      "type": "button",
    },
    "type": "div",
  },
  Symbol(enzyme.__nodes__): Array [
    Object {
      "instance": null,
      "key": undefined,
      "nodeType": "host",
      "props": Object {
        "children": <button
          className="cat-button favorites-button"
        >
          Favorites
          <span
            className="favorites-count"
          />
        </button>,
        "className": "FavoriteButton",
      },
      "ref": null,
      "rendered": Object {
        "instance": null,
        "key": undefined,
        "nodeType": "host",
        "props": Object {
          "children": Array [
            "Favorites",
            <span
              className="favorites-count"
            />,
          ],
          "className": "cat-button favorites-button",
        },
        "ref": null,
        "rendered": Array [
          "Favorites",
          Object {
            "instance": null,
            "key": undefined,
            "nodeType": "host",
            "props": Object {
              "children": Array [
                Array [],
              ],
              "className": "favorites-count",
            },
            "ref": null,
            "rendered": Array [],
            "type": "span",
          },
        ],
        "type": "button",
      },
      "type": "div",
    },
  ],
  Symbol(enzyme.__options__): Object {
    "adapter": ReactSixteenAdapter {
      "options": Object {
        "enableComponentDidUpdateOnSetState": true,
        "lifecycles": Object {
          "componentDidUpdate": Object {
            "onSetState": true,
          },
          "getDerivedStateFromProps": true,
          "getSnapshotBeforeUpdate": true,
          "setState": Object {
            "skipsComponentDidUpdateOnNullish": true,
          },
        },
      },
    },
  },
}
`;
